<html>
<body>
<pre>
<h1>�Vision Build Log</h1>
<h2>Tool Versions:</h2>
IDE-Version: �Vision V5.41.0.0
Copyright (C) 2024 ARM Ltd and ARM Germany GmbH. All rights reserved.
License Information: Ai Ho, Mutithreading Labs, Ltd, LIC=----
 
Tool Versions:
Toolchain:       MDK-Lite  Version: 5.41.0.0
Toolchain Path:  C:\DevTools\Keil_v5\ARM\ARMCLANG\Bin
C Compiler:      ArmClang.exe V6.22
Assembler:       Armasm.exe V6.22
Linker/Locator:  ArmLink.exe V6.22
Library Manager: ArmAr.exe V6.22
Hex Converter:   FromElf.exe V6.22
CPU DLL:         SARMCM3.DLL V5.41.0.0
Dialog DLL:      DCM.DLL V1.17.5.0
Target DLL:      lmidk-agdi.dll V???
Dialog DLL:      TCM.DLL V1.56.4.0
 
<h2>Project:</h2>
D:\Blogs\embedded-software-programming-concepts\Board_Support_Packages\tivac-bsp-example\tivac-bsp-example\tm4c123-keil\TivacBspExample.uvprojx
Project File Date:  12/22/2024

<h2>Output:</h2>
*** Using Compiler 'V6.22', folder: 'C:\DevTools\Keil_v5\ARM\ARMCLANG\Bin'
Rebuild target 'TivacBspExample'
compiling main.c...
compiling bsp.c...
assembling startup_TM4C123GH6PM.s...
compiling system_TM4C123GH6PM.c...
linking...
Program Size: Code=1536 RO-data=908 RW-data=0 ZI-data=2152  
".\dbg\TivacBspExample.axf" - 0 Error(s), 0 Warning(s).

<h2>Software Packages used:</h2>

Package Vendor: Keil
                http://www.keil.com/pack/Keil.TM4C_DFP.1.1.0.pack
                Keil::TM4C_DFP@1.1.0
                Texas Instruments Tiva C Series Device Support and Examples

<h2>Collection of Component include folders:</h2>
  C:/DevTools/Arm/Packs/Keil/TM4C_DFP/1.1.0/Device/Include/TM4C123

<h2>Collection of Component Files used:</h2>
Build Time Elapsed:  00:00:03
</pre>
</body>
</html>
